bun test v1.3.10 (30e609e0)

tests/notifications/admin-notifications.test.ts:
Notifying 2 admin(s) about: NEW_REGISTRATION
✅ Email notification sent to admin1@test.com
✅ Email notification sent to admin2@test.com
✅ Admin notification complete: 2 sent, 0 failed
(pass) Admin Notifications > notifyAdmins > should send notifications to eligible admins [1.76ms]
Notifying 1 admin(s) about: NEW_COLLABORATOR
Skipping notification for admin1@test.com (preference disabled)
✅ Admin notification complete: 0 sent, 0 failed
(pass) Admin Notifications > notifyAdmins > should respect admin notification preferences [0.29ms]
Notifying 1 admin(s) about: NEW_COLLABORATOR
✅ Email notification sent to admin1@test.com
✅ Admin notification complete: 1 sent, 0 failed
(pass) Admin Notifications > notifyAdmins > should handle permission-based filtering [0.28ms]
Error in notifyAdmins: 179 |       expect(result.sent).toBe(1);
180 |       expect(db.user.findMany).toHaveBeenCalled();
181 |     });
182 | 
183 |     it('should handle errors gracefully', async () => {
184 |       (db.user.findMany as any).mockRejectedValue(new Error('Database error'));
                                                            ^
error: Database error
      at <anonymous> (/home/glitch/Documents/Next.JS/website/tests/notifications/admin-notifications.test.ts:184:55)

(pass) Admin Notifications > notifyAdmins > should handle errors gracefully [0.52ms]
No eligible admins found for notification
(pass) Admin Notifications > notifyAdmins > should return early if no admins found [0.18ms]
Notifying 1 admin(s) about: NEW_COLLABORATOR
✅ Email notification sent to admin@test.com
✅ Admin notification complete: 1 sent, 0 failed
(pass) Admin Notifications > notifyNewCollaborator (integration) > should create notification with correct data [0.39ms]
Notifying 1 admin(s) about: NEW_INNOVATOR
✅ Email notification sent to admin@test.com
✅ Admin notification complete: 1 sent, 0 failed
(pass) Admin Notifications > notifyNewInnovator (integration) > should create notification with correct data [0.40ms]
Notifying 1 admin(s) about: SYSTEM_ERROR
✅ Email notification sent to admin@test.com
✅ Admin notification complete: 1 sent, 0 failed
(pass) Admin Notifications > notifySystemError > should create urgent notification for system errors [0.42ms]
Notifying 1 admin(s) about: SECURITY_ALERT
✅ Email notification sent to admin@test.com
✅ Admin notification complete: 1 sent, 0 failed
(pass) Admin Notifications > notifySecurityAlert > should create urgent notification for security alerts [0.40ms]
Notifying 1 admin(s) about: FAILED_LOGIN_ATTEMPTS
✅ Email notification sent to admin@test.com
✅ Admin notification complete: 1 sent, 0 failed
(pass) Admin Notifications > notifyFailedLoginAttempts > should create high priority notification for failed logins [0.39ms]
Notifying 1 admin(s) about: SYSTEM_ERROR
Skipping notification for admin@test.com (preference disabled)
✅ Admin notification complete: 0 sent, 0 failed
(pass) Admin Notifications > Notification Preferences > should skip notifications when emailSystemErrors is false [0.42ms]
Notifying 1 admin(s) about: SECURITY_ALERT
✅ Email notification sent to admin@test.com
✅ Admin notification complete: 1 sent, 0 failed
(pass) Admin Notifications > Notification Preferences > should send notifications when emailSecurityAlerts is true [0.37ms]
Notifying 1 admin(s) about: SYSTEM_ERROR
✅ Email notification sent to admin@test.com
✅ Admin notification complete: 1 sent, 0 failed
Notifying 1 admin(s) about: SECURITY_ALERT
✅ Email notification sent to admin@test.com
✅ Admin notification complete: 1 sent, 0 failed
Notifying 1 admin(s) about: NEW_COLLABORATOR
✅ Email notification sent to admin@test.com
✅ Admin notification complete: 1 sent, 0 failed
(pass) Admin Notifications > Notification Preferences > should send all notifications when preferences are not set [0.42ms]
Notifying 1 admin(s) about: SYSTEM_ERROR
✅ Email notification sent to admin@test.com
✅ Admin notification complete: 1 sent, 0 failed
(pass) Admin Notifications > Priority Levels > should set URGENT priority for system errors [0.22ms]
Notifying 1 admin(s) about: NEW_COLLABORATOR
✅ Email notification sent to admin@test.com
✅ Admin notification complete: 1 sent, 0 failed
(pass) Admin Notifications > Priority Levels > should set HIGH priority for new submissions [0.26ms]

tests/e2e/collaborator-registration.test.tsx:
Received `false` for a non-boolean attribute `initial`.

If you want to write it to the DOM, pass a string instead: initial="false" or initial={value.toString()}.

If you used to conditionally omit it with initial={condition && value}, pass initial={condition ? value : undefined} instead.
Received `true` for a non-boolean attribute `jsx`.

If you want to write it to the DOM, pass a string instead: jsx="true" or jsx={value.toString()}.
Received `true` for a non-boolean attribute `global`.

If you want to write it to the DOM, pass a string instead: global="true" or global={value.toString()}.
React does not recognize the `whileHover` prop on a DOM element. If you intentionally want it to appear in the DOM as a custom attribute, spell it as lowercase `whilehover` instead. If you accidentally passed it from a parent component, remove it from the DOM element.
React does not recognize the `whileTap` prop on a DOM element. If you intentionally want it to appear in the DOM as a custom attribute, spell it as lowercase `whiletap` instead. If you accidentally passed it from a parent component, remove it from the DOM element.
(pass) Collaborator Registration E2E Flow > renders first step and prevents proceeding with invalid data [505.29ms]
(pass) Collaborator Registration E2E Flow > persists data across step navigation (forward and back) [1759.18ms]

tests/e2e/innovator-registration.test.tsx:
(pass) Innovator Registration E2E Flow > should render the first step and block navigation if invalid [182.42ms]
(pass) Innovator Registration E2E Flow > preserves data during navigation [1729.56ms]

tests/prisma/seed.test.ts:
🌱 Seeding database...
✅ Seeded initial admin user: admin@test.com (ID: user-123, Role ID: role-123)
Seeding strategic plans...
✅ Created new bilingual strategic plan: Strategic Plan 2023 - 2027 (slug: cit)
✅ Created new bilingual strategic plan: Strategic Plan 2023 - 2027 (slug: ebic)
✅ Strategic plans seeded
Seeding page content...
✅ Page content seeded
(pass) Database Seed Functions > Admin User Creation > should create admin user with hashed password [1.65ms]
(pass) Database Seed Functions > Admin User Creation > should handle missing super admin role gracefully [0.15ms]
🌱 Seeding database...
✅ Seeded initial admin user: admin@test.com (ID: user-1, Role ID: role-1)
Seeding strategic plans...
✅ Created new bilingual strategic plan: Strategic Plan 2023 - 2027 (slug: cit)
✅ Created new bilingual strategic plan: Strategic Plan 2023 - 2027 (slug: ebic)
✅ Strategic plans seeded
Seeding page content...
✅ Page content seeded
(pass) Database Seed Functions > Strategic Plans Seeding (Bilingual Model) > should create ONE unified bilingual row per plan, not two language rows [0.38ms]
🌱 Seeding database...
✅ Seeded initial admin user: admin@test.com (ID: user-1, Role ID: role-1)
Seeding strategic plans...
✅ Created new bilingual strategic plan: Strategic Plan 2023 - 2027 (slug: cit)
✅ Created new bilingual strategic plan: Strategic Plan 2023 - 2027 (slug: ebic)
✅ Strategic plans seeded
Seeding page content...
✅ Page content seeded
(pass) Database Seed Functions > Strategic Plans Seeding (Bilingual Model) > should use language-neutral slugs without -ar/-en suffixes [0.45ms]
🌱 Seeding database...
✅ Seeded initial admin user: admin@test.com (ID: user-1, Role ID: role-1)
Seeding strategic plans...
✅ Created new bilingual strategic plan: Strategic Plan 2023 - 2027 (slug: cit)
✅ Created new bilingual strategic plan: Strategic Plan 2023 - 2027 (slug: ebic)
✅ Strategic plans seeded
Seeding page content...
✅ Page content seeded
(pass) Database Seed Functions > Strategic Plans Seeding (Bilingual Model) > should populate both English AND Arabic fields in the same row [0.53ms]
🌱 Seeding database...
✅ Seeded initial admin user: admin@test.com (ID: user-1, Role ID: role-1)
Seeding strategic plans...
⏭️  Consolidated 2 record(s) into: Strategic Plan 2023 - 2027 (slug: cit)
⏭️  Consolidated 2 record(s) into: Strategic Plan 2023 - 2027 (slug: ebic)
✅ Strategic plans seeded
Seeding page content...
✅ Page content seeded
(pass) Database Seed Functions > Strategic Plans Seeding (Bilingual Model) > should consolidate existing strategic plan siblings into a single row [0.72ms]
(pass) Database Seed Functions > Strategic Plans Seeding (Bilingual Model) > should handle plans with empty content gracefully [0.20ms]
(pass) Database Seed Functions > Page Content Seeding > should upsert page content items [0.25ms]
(pass) Database Seed Functions > Page Content Seeding > should handle page content with metadata [0.17ms]
(pass) Database Seed Functions > Page Content Seeding > should seed both entrepreneurship and incubators pages [0.19ms]
(pass) Database Seed Functions > Environment Variable Validation > should throw error when DATABASE_HOST is missing [0.10ms]
(pass) Database Seed Functions > Environment Variable Validation > should throw error when admin credentials are missing [0.09ms]
(pass) Database Seed Functions > Environment Variable Validation > should use default DATABASE_PORT if not provided [0.09ms]
(pass) Database Seed Functions > Database Disconnection > should disconnect from database after seeding [0.18ms]
(pass) Database Seed Functions > Error Handling > should handle database errors during user creation [0.31ms]
(pass) Database Seed Functions > Error Handling > should handle errors during strategic plan creation [0.17ms]
(pass) Database Seed Functions > Error Handling > should handle errors during page content creation [0.16ms]
(pass) Database Seed Functions > Data Integrity > should create user with emailVerified timestamp [0.19ms]
(pass) Database Seed Functions > Data Integrity > should create strategic plans with bilingual content and published status [0.22ms]

tests/lib/rbac.test.ts:
(pass) RBAC Library > hasPermission > should return true if user has the specific permission [0.66ms]
(pass) RBAC Library > hasPermission > should return true if user has manage permission for the resource [0.24ms]
(pass) RBAC Library > hasPermission > should return false if user does not have the permission [0.24ms]
(pass) RBAC Library > hasPermission > should return false if user is inactive [0.18ms]
(pass) RBAC Library > getUserPermissions > should return an array of user permissions [0.42ms]
(pass) RBAC Library > getUserPermissions > should return empty array if user not found [0.19ms]
(pass) RBAC Library > createUserInvitation > should create an invitation if inviter has permission [0.53ms]
(pass) RBAC Library > createUserInvitation > should throw error if inviter lacks permission [0.20ms]
(pass) RBAC Library > acceptInvitation > should successfully accept a valid invitation [0.40ms]
(pass) RBAC Library > acceptInvitation > should throw error for expired invitation [0.21ms]

tests/email/email-service.test.ts:
(pass) Nodemailer transport - integration send > should send an email using mocked transport [6.47ms]

tests/backend/innovator-api.test.ts:

# Unhandled error between tests
-------------------------------
1 | })
2 | {
    ^
SyntaxError: Export named 'emailService' not found in module '/home/glitch/Documents/Next.JS/website/src/lib/email/service.ts'.
      at loadAndEvaluateModule (2:1)
-------------------------------


tests/backend/collaborator-api.test.ts:

# Unhandled error between tests
-------------------------------
1 | })
2 | {
    ^
SyntaxError: Export named 'emailService' not found in module '/home/glitch/Documents/Next.JS/website/src/lib/email/service.ts'.
      at loadAndEvaluateModule (2:1)
-------------------------------


tests/components/entrepreneurship-client.test.tsx:
(pass) EntrepreneurshipClient Component > Rendering with Database Content > should render hero section with database content [4.83ms]
(pass) EntrepreneurshipClient Component > Rendering with Database Content > should render hero section in Arabic [2.78ms]
(pass) EntrepreneurshipClient Component > Rendering with Database Content > should render programs from database [3.86ms]
(pass) EntrepreneurshipClient Component > Rendering with Database Content > should render multiple programs in correct order [5.39ms]
(pass) EntrepreneurshipClient Component > Rendering with Database Content > should render values section from database [4.13ms]
(pass) EntrepreneurshipClient Component > Fallback to Translation Keys > should use translation fallback when no database content [2.94ms]
(pass) EntrepreneurshipClient Component > Fallback to Translation Keys > should render empty state when programs and values are missing [2.00ms]
(pass) EntrepreneurshipClient Component > Locale-specific Rendering > should apply RTL direction for Arabic locale [2.46ms]
(pass) EntrepreneurshipClient Component > Locale-specific Rendering > should apply LTR direction for English locale [1.62ms]
(pass) EntrepreneurshipClient Component > Locale-specific Rendering > should prefer Arabic content when locale is Arabic [1.97ms]
(pass) EntrepreneurshipClient Component > Locale-specific Rendering > should fallback to English when Arabic content is missing [2.35ms]
(pass) EntrepreneurshipClient Component > Mission and CTA Sections > should render mission section when provided [2.55ms]
(pass) EntrepreneurshipClient Component > Mission and CTA Sections > should render CTA section when provided [3.33ms]
(pass) EntrepreneurshipClient Component > Mission and CTA Sections > should not render mission section when not provided [2.31ms]
(pass) EntrepreneurshipClient Component > Icon Handling > should use default icon when icon field is null [2.79ms]
(pass) EntrepreneurshipClient Component > Edge Cases > should handle empty content array gracefully [2.10ms]
(pass) EntrepreneurshipClient Component > Edge Cases > should handle partial content fields [2.77ms]
(pass) EntrepreneurshipClient Component > Edge Cases > should handle mixed active and inactive content [3.91ms]
(pass) EntrepreneurshipClient Component > Accessibility > should render semantic HTML structure [1.60ms]

tests/components/sidebar.test.tsx:
(pass) Sidebar Component > English Locale > should render all 11 navigation items [55.19ms]
(pass) Sidebar Component > English Locale > should render Admin Dashboard title in English [22.04ms]
(pass) Sidebar Component > English Locale > should generate correct English href for navigation items [12.78ms]
(pass) Sidebar Component > Arabic Locale > should render all navigation items in Arabic [40.65ms]
(pass) Sidebar Component > Arabic Locale > should generate correct Arabic href for navigation items [9.65ms]
(pass) Sidebar Component > Active Link Highlighting > should highlight Overview when on /en/admin [10.65ms]
(pass) Sidebar Component > Active Link Highlighting > should highlight Submissions when on /en/admin/submissions [8.16ms]
(pass) Sidebar Component > Active Link Highlighting > should highlight Content when on /en/admin/content [9.50ms]
(pass) Sidebar Component > Active Link Highlighting > should not highlight inactive links [9.73ms]
(pass) Sidebar Component > Active Link Highlighting > should highlight correct link in Arabic locale [12.32ms]
(pass) Sidebar Component > Navigation Structure > should render all 11 navigation items [10.76ms]
(pass) Sidebar Component > Navigation Structure > should maintain navigation order [14.60ms]
(pass) Sidebar Component > Icons > should render icons for all navigation items [9.02ms]
(pass) Sidebar Component > Icons > should apply correct icon classes when active [10.23ms]
(pass) Sidebar Component > Icons > should apply correct icon classes when inactive [8.20ms]
(pass) Sidebar Component > Styling and Layout > should have fixed positioning on large screens [11.86ms]
(pass) Sidebar Component > Styling and Layout > should be hidden on small screens [9.53ms]
(pass) Sidebar Component > Styling and Layout > should have correct width classes [7.54ms]
(pass) Sidebar Component > Accessibility > should use semantic navigation elements [8.42ms]
(pass) Sidebar Component > Accessibility > should have role="list" on navigation lists [8.39ms]
(pass) Sidebar Component > Accessibility > should have proper link text for screen readers [12.37ms]
(pass) Sidebar Component > Edge Cases > should handle unknown pathnames gracefully [10.99ms]
(pass) Sidebar Component > Edge Cases > should handle pathnames with trailing slashes [9.86ms]
(pass) Sidebar Component > Edge Cases > should handle deeply nested pathnames [9.30ms]
(pass) Sidebar Component > Locale Switching > should switch navigation labels when locale changes [26.68ms]
(pass) Sidebar Component > Locale Switching > should update hrefs when locale changes [13.24ms]
(pass) Sidebar Component > Transition Classes > should have transition classes on links [7.99ms]

tests/components/incubators-client.test.tsx:
(pass) IncubatorsClient Component > Rendering with Database Content > should render hero section with database content [3.27ms]
(pass) IncubatorsClient Component > Rendering with Database Content > should render phases from database [2.39ms]
(pass) IncubatorsClient Component > Rendering with Database Content > should render resources from database [2.29ms]
(pass) IncubatorsClient Component > Rendering with Database Content > should render metrics section with numbers [2.61ms]
(pass) IncubatorsClient Component > Fallback to Translation Keys > should use translation fallback when no database content [14.22ms]
(pass) IncubatorsClient Component > Fallback to Translation Keys > should render empty state when phases and resources are missing [11.85ms]
(pass) IncubatorsClient Component > Locale-specific Rendering > should apply RTL direction for Arabic locale [1.63ms]
(pass) IncubatorsClient Component > Locale-specific Rendering > should apply LTR direction for English locale [1.37ms]
(pass) IncubatorsClient Component > Locale-specific Rendering > should prefer Arabic content when locale is Arabic [2.42ms]
(pass) IncubatorsClient Component > Locale-specific Rendering > should fallback to English when Arabic content is missing [1.86ms]
(pass) IncubatorsClient Component > CTA Section > should render CTA section when provided [2.65ms]
(pass) IncubatorsClient Component > Metadata Handling > should handle metrics with number metadata [3.21ms]
(pass) IncubatorsClient Component > Metadata Handling > should handle missing metadata gracefully [1.87ms]
(pass) IncubatorsClient Component > Metadata Handling > should handle string number in metadata [1.80ms]
(pass) IncubatorsClient Component > Icon Handling > should use specified icon from database [1.85ms]
(pass) IncubatorsClient Component > Icon Handling > should use default icon when icon field is null [1.81ms]
(pass) IncubatorsClient Component > Edge Cases > should handle empty content array gracefully [1.31ms]
(pass) IncubatorsClient Component > Edge Cases > should handle partial content fields [1.97ms]
(pass) IncubatorsClient Component > Edge Cases > should handle multiple phases in order [2.79ms]
(pass) IncubatorsClient Component > Accessibility > should render semantic HTML structure [1.92ms]
(pass) IncubatorsClient Component > Content Filtering by Section > should correctly separate phases and resources [3.89ms]

tests/features/page-content/api-routes.test.ts:
(pass) Page Content API Routes > GET /api/pageContent/public/:page > should return active content for entrepreneurship page [0.71ms]
(pass) Page Content API Routes > GET /api/pageContent/public/:page > should return active content for incubators page [0.48ms]
(pass) Page Content API Routes > GET /api/pageContent/public/:page > should return empty array when no content found [0.21ms]
(pass) Page Content API Routes > GET /api/pageContent/public/:page > should handle database errors [0.18ms]
(pass) Page Content API Routes > GET /api/pageContent/:page (Admin) > should require authentication [0.31ms]
(pass) Page Content API Routes > GET /api/pageContent/:page (Admin) > should require content management permissions [0.34ms]
(pass) Page Content API Routes > GET /api/pageContent/:page (Admin) > should return all content when user has permissions [0.26ms]
(pass) Page Content API Routes > POST /api/pageContent > should create new content block [0.30ms]
(pass) Page Content API Routes > POST /api/pageContent > should handle metadata in new content [0.29ms]
(pass) Page Content API Routes > POST /api/pageContent > should require authentication for creation [0.16ms]
(pass) Page Content API Routes > POST /api/pageContent > should handle creation errors [0.20ms]
(pass) Page Content API Routes > PATCH /api/pageContent/:id > should update existing content block [0.29ms]
(pass) Page Content API Routes > PATCH /api/pageContent/:id > should update metadata [0.18ms]
(pass) Page Content API Routes > PATCH /api/pageContent/:id > should handle update errors [0.17ms]
(pass) Page Content API Routes > PATCH /api/pageContent/:id > should require authentication for updates [0.16ms]
(pass) Page Content API Routes > DELETE /api/pageContent/:id > should delete content block [0.20ms]
(pass) Page Content API Routes > DELETE /api/pageContent/:id > should handle deletion errors [0.21ms]
(pass) Page Content API Routes > DELETE /api/pageContent/:id > should require authentication for deletion [0.14ms]
(pass) Page Content API Routes > DELETE /api/pageContent/:id > should handle non-existent content [0.18ms]
(pass) Page Content API Routes > Permission Checks > should allow dashboard:manage permission [0.22ms]
(pass) Page Content API Routes > Permission Checks > should deny access without proper permissions [0.21ms]
(pass) Page Content API Routes > Content Ordering > should maintain order in query results [0.24ms]
(pass) Page Content API Routes > Data Validation Integration > should validate page enum values [0.12ms]
(pass) Page Content API Routes > Data Validation Integration > should handle bilingual content [0.20ms]

tests/features/page-content/schemas.test.ts:
(pass) Page Content Schemas > createPageContentSchema > should validate valid entrepreneurship page content [1.42ms]
(pass) Page Content Schemas > createPageContentSchema > should validate valid incubators page content [0.26ms]
(pass) Page Content Schemas > createPageContentSchema > should reject invalid page value [0.54ms]
(pass) Page Content Schemas > createPageContentSchema > should require section field [0.36ms]
(pass) Page Content Schemas > createPageContentSchema > should validate content with metadata [0.64ms]
(pass) Page Content Schemas > createPageContentSchema > should apply default values correctly [0.16ms]
(pass) Page Content Schemas > createPageContentSchema > should accept null values for optional string fields [0.15ms]
(pass) Page Content Schemas > createPageContentSchema > should reject negative order values [0.29ms]
(pass) Page Content Schemas > createPageContentSchema > should validate color field when provided [0.13ms]
(pass) Page Content Schemas > createPageContentSchema > should validate icon field when provided [0.12ms]
(pass) Page Content Schemas > createPageContentSchema > should reject empty section string [0.23ms]
(pass) Page Content Schemas > createPageContentSchema > should validate complex metadata structures [0.17ms]
(pass) Page Content Schemas > updatePageContentSchema > should validate partial updates [1.30ms]
(pass) Page Content Schemas > updatePageContentSchema > should allow updating only titleAr [0.11ms]
(pass) Page Content Schemas > updatePageContentSchema > should allow updating content fields [0.08ms]
(pass) Page Content Schemas > updatePageContentSchema > should allow updating isActive status [0.09ms]
(pass) Page Content Schemas > updatePageContentSchema > should allow updating order [0.11ms]
(pass) Page Content Schemas > updatePageContentSchema > should reject negative order in updates [0.22ms]
(pass) Page Content Schemas > updatePageContentSchema > should allow updating metadata [0.15ms]
(pass) Page Content Schemas > updatePageContentSchema > should allow setting nullable fields to null [0.11ms]
(pass) Page Content Schemas > updatePageContentSchema > should allow updating page type [0.08ms]
(pass) Page Content Schemas > updatePageContentSchema > should reject invalid page type in updates [0.18ms]
(pass) Page Content Schemas > updatePageContentSchema > should allow updating section [0.12ms]
(pass) Page Content Schemas > updatePageContentSchema > should reject empty section in updates [0.26ms]
(pass) Page Content Schemas > updatePageContentSchema > should validate multiple field updates simultaneously [0.14ms]
(pass) Page Content Schemas > updatePageContentSchema > should accept empty update object [0.07ms]
(pass) Page Content Schemas > Schema Integration > should enforce stricter validation for creation than update [0.22ms]
(pass) Page Content Schemas > Schema Integration > should maintain type consistency between schemas [0.19ms]
(pass) Page Content Schemas > Edge Cases > should handle very long strings [0.16ms]
(pass) Page Content Schemas > Edge Cases > should handle special characters in content [0.12ms]
(pass) Page Content Schemas > Edge Cases > should handle Unicode characters [0.13ms]
(pass) Page Content Schemas > Edge Cases > should handle maximum safe integer for order [0.11ms]

tests/features/legal-content/sanitization.test.ts:
(pass) Legal Content Sanitization (Semantic Assertions) > should strip script tags while preserving safe content [11.59ms]
(pass) Legal Content Sanitization (Semantic Assertions) > should strip event handlers [1.21ms]
(pass) Legal Content Sanitization (Semantic Assertions) > should strip style tags [0.31ms]
(pass) Legal Content Sanitization (Semantic Assertions) > should allow common rich text tags [0.55ms]
(pass) Legal Content Sanitization (Semantic Assertions) > should block javascript: hrefs but allow safe links [0.48ms]
(pass) Legal Content Sanitization (Semantic Assertions) > should handle nested dangerous elements [0.44ms]

tests/frontend/store/form-store.test.ts:
(pass) createFormStore > should initialize with default state [0.27ms]
(pass) createFormStore > should update current step [0.19ms]
(pass) createFormStore > should update data and clear field errors [0.25ms]
(pass) createFormStore > should completely reset store on reset() [0.20ms]
(pass) createFormStore > should set submitting and validating states [0.18ms]

tests/frontend/schemas/innovator-schemas.test.ts:
(pass) Innovator Step Schemas > step1Schema (Personal Info) > should validate valid data [0.63ms]
(pass) Innovator Step Schemas > step1Schema (Personal Info) > should fail when required fields are missing [0.58ms]
(pass) Innovator Step Schemas > step1Schema (Personal Info) > should validate max lengths for city and specialization [0.42ms]
(pass) Innovator Step Schemas > step2Schema (Project Overview) > should validate valid project overview [0.53ms]
(pass) Innovator Step Schemas > step2Schema (Project Overview) > should allow optional objective [0.11ms]
(pass) Innovator Step Schemas > step2Schema (Project Overview) > should limit projectDescription to 1000 characters [0.18ms]
(pass) Innovator Step Schemas > step3Schema (Project Stage & Files) > should validate empty input (all optional) [0.43ms]
(pass) Innovator Step Schemas > step3Schema (Project Stage & Files) > should validate valid StageDevelopment enum [0.13ms]
(pass) Innovator Step Schemas > step3Schema (Project Stage & Files) > should fail with invalid stage [0.16ms]
(pass) Innovator Step Schemas > step4Schema (Review) > should validate when TermsOfUse is true [0.34ms]
(pass) Innovator Step Schemas > step4Schema (Review) > should fail when TermsOfUse is false [0.21ms]
(pass) Innovator Step Schemas > innovatorServerSchema > should validate complete valid submission [2.19ms]
(pass) Innovator Step Schemas > innovatorServerSchema > should fail when email is omitted [0.54ms]
(pass) Innovator Step Schemas > innovatorServerSchema > should fail if email is provided but invalid [0.36ms]
(pass) Innovator Step Schemas > innovatorServerSchema > should pass when TermsOfUse is string "true" (coercion) [0.23ms]
(pass) Innovator Step Schemas > innovatorServerSchema > should fail when projectFiles exceeds 10 entries [0.81ms]

tests/frontend/schemas/collaborator-schemas.test.ts:
(pass) Collaborator Step Schemas > step1Schema (Company Info) > should validate valid data [0.39ms]
(pass) Collaborator Step Schemas > step1Schema (Company Info) > should fail when required fields are missing [0.40ms]
(pass) Collaborator Step Schemas > step1Schema (Company Info) > should validate email format [0.21ms]
(pass) Collaborator Step Schemas > step1Schema (Company Info) > should validate primary phone number format [0.20ms]
(pass) Collaborator Step Schemas > step1Schema (Company Info) > should validate optional URL site [0.32ms]
(pass) Collaborator Step Schemas > step1Schema (Company Info) > should accept valid optional phone number [0.13ms]
(pass) Collaborator Step Schemas > step2Schema (Industry Info) > should validate valid data [0.32ms]
(pass) Collaborator Step Schemas > step2Schema (Industry Info) > should fail with invalid enum value [0.15ms]
(pass) Collaborator Step Schemas > step2Schema (Industry Info) > should require specialization [0.16ms]
(pass) Collaborator Step Schemas > step3Schema (Capabilities) > should validate empty input (all optional) [0.52ms]
(pass) Collaborator Step Schemas > step3Schema (Capabilities) > should accept valid experience and machinery data [0.11ms]
(pass) Collaborator Step Schemas > step4Schema (Review) > should validate when TermsOfUse is true [0.20ms]
(pass) Collaborator Step Schemas > step4Schema (Review) > should fail when TermsOfUse is false [0.12ms]
(pass) Collaborator Step Schemas > serverSchema > should validate complete valid submission [1.54ms]
(pass) Collaborator Step Schemas > serverSchema > should allow missing defaults on server context [0.19ms]
(pass) Collaborator Step Schemas > serverSchema > should fail when email is omitted [0.32ms]
(pass) Collaborator Step Schemas > serverSchema > should fail if email is provided but invalid [0.28ms]

2 tests failed:

 216 pass
 2 fail
 2 errors
 419 expect() calls
Ran 218 tests across 17 files. [6.52s]
